new \ToyWpRouting\Compiler\OptimizedRewrite(array (
  0 => 'GET',
  1 => 'POST',
), array (
  'pfx_var' => 'var',
  'pfx_matchedRule' => 'matchedRule',
), $this->invocationStrategy, static function () {
            }, static function () {
        })