new \ToyWpRouting\Compiler\OptimizedRewrite(array (
  0 => 'GET',
  1 => 'POST',
), array (
  'pfx_var' => 'var',
), array (
  0 => 'pfx_var',
), $invocationStrategy, static function () {
            }, NULL)