<?php

declare(strict_types=1);

return function (): \ToyWpRouting\RewriteCollection {
    return new class() extends \ToyWpRouting\RewriteCollection
    {
        protected bool $locked = true;

        public function __construct()
        {
            parent::__construct();

            $this->queryVariables = array (
  'some' => 'some',
);
            $this->rewriteRules = array (
  '^regex$' => 'index.php?some=var',
);

            $rewrite0 = new \ToyWpRouting\Compiler\OptimizedRewrite(array (
  0 => 'POST',
), '^regex$', 'index.php?some=var', array (
  'some' => 'some',
), static function () {
        }, NULL);
$this->rewrites->attach($rewrite0);
$this->rewritesByRegexAndMethod = array (
  '^regex$' => 
  array (
    'POST' => $rewrite0,
  ),
);
        }
    };
};
