new \ToyWpRouting\Compiler\OptimizedRewrite(array (
  0 => 'GET',
  1 => 'POST',
), '^regex$', 'index.php?pfx_var=value', array (
  'pfx_var' => 'var',
), 'handler', 'isactivecallback')