$rewrite0 = new \ToyWpRouting\Compiler\OptimizedRewrite(array (
  0 => 'GET',
  1 => 'HEAD',
), array (
  'pfx_var' => 'var',
  'pfx_matchedRule' => 'matchedRule',
), $this->invocationStrategy, static function () {
            }, static function () {
        });
$rewrite1 = new \ToyWpRouting\Compiler\OptimizedRewrite(array (
  0 => 'POST',
), array (
  'pfx_var' => 'var',
  'pfx_matchedRule' => 'matchedRule',
), $this->invocationStrategy, static function () {
            }, NULL);
$this->rewrites->attach($rewrite0);
$this->rewrites->attach($rewrite1);
$this->rewritesByHashAndMethod = array (
  '2c74a3787bae884d9648eb0bc7e3c8a0' => 
  array (
    'GET' => $rewrite0,
    'HEAD' => $rewrite0,
  ),
  '9a3f43b00ec8400aee6a7ef0191ede24' => 
  array (
    'POST' => $rewrite1,
  ),
);