new \ToyWpRouting\OptimizedRewrite(array (
  0 => 'GET',
  1 => 'POST',
), array (
  0 => new \ToyWpRouting\OptimizedRewriteRule('e8362b7488c4e1a7eee5ff88b032f6eb', 'index.php?pfx_var=value&pfx_matchedRule=e8362b7488c4e1a7eee5ff88b032f6eb', array (
  'pfx_var' => 'var',
  'pfx_matchedRule' => 'matchedRule',
), '^regex$'),
), array (
  'pfx_var' => 'var',
  'pfx_matchedRule' => 'matchedRule',
), static function () {
            }, static function () {
        })