new \ToyWpRouting\OptimizedRewriteRule('e8362b7488c4e1a7eee5ff88b032f6eb', array (
  'pfx_var' => 'value',
  'pfx_matchedRule' => 'e8362b7488c4e1a7eee5ff88b032f6eb',
), 'index.php?pfx_var=value&pfx_matchedRule=e8362b7488c4e1a7eee5ff88b032f6eb', array (
  'var' => 'value',
  'matchedRule' => 'e8362b7488c4e1a7eee5ff88b032f6eb',
), '^regex$')