new \ToyWpRouting\OptimizedRewrite(array (
  0 => 'GET',
  1 => 'POST',
), array (
  '^regex$' => 'index.php?pfx_var=value&pfx_matchedRule=e8362b7488c4e1a7eee5ff88b032f6eb',
), array (
  0 => new \ToyWpRouting\OptimizedRewriteRule('e8362b7488c4e1a7eee5ff88b032f6eb', array (
  'pfx_var' => 'value',
  'pfx_matchedRule' => 'e8362b7488c4e1a7eee5ff88b032f6eb',
), 'index.php?pfx_var=value&pfx_matchedRule=e8362b7488c4e1a7eee5ff88b032f6eb', array (
  'var' => 'value',
  'matchedRule' => 'e8362b7488c4e1a7eee5ff88b032f6eb',
), array (
  'pfx_var' => 'var',
  'pfx_matchedRule' => 'matchedRule',
), '^regex$'),
), array (
  0 => 'handlerclass',
  1 => 'handlermethod',
), array (
  'pfx_var' => 'var',
  'pfx_matchedRule' => 'matchedRule',
), array (
  0 => 'pfx_var',
  1 => 'pfx_matchedRule',
), array (
  0 => 'isactiveclass',
  1 => 'isactivemethod',
))