<?php

declare(strict_types=1);

return new class extends \ToyWpRouting\RewriteCollection
{
    public function __construct()
    {
        parent::__construct('');

        $rewrite0 = new \ToyWpRouting\OptimizedRewrite(array (
  0 => 'POST',
), array (
  0 => new \ToyWpRouting\OptimizedRewriteRule('e8362b7488c4e1a7eee5ff88b032f6eb', 'index.php?some=var&matchedRule=e8362b7488c4e1a7eee5ff88b032f6eb', array (
  'some' => 'some',
  'matchedRule' => 'matchedRule',
), '^regex$'),
), array (
  'some' => 'some',
  'matchedRule' => 'matchedRule',
), static function () {
        }, NULL);
$this->rewrites->attach($rewrite0);

        $this->rewriteRules = array (
  '^regex$' => 'index.php?some=var&matchedRule=e8362b7488c4e1a7eee5ff88b032f6eb',
);
        $this->queryVariables = array (
  'some' => 'some',
  'matchedRule' => 'matchedRule',
);

        $this->rewritesByRegexHashAndMethod = array (
  'e8362b7488c4e1a7eee5ff88b032f6eb' => 
  array (
    'POST' => $rewrite0,
  ),
);

        $this->locked = true;
    }
};
