<?php

declare(strict_types=1);

return function (): \ToyWpRouting\Support\RewriteCollection {
    return new class() extends \ToyWpRouting\Support\RewriteCollection
    {
        protected bool $locked = true;

        public function __construct()
        {
            $this->queryVariables = array (
  'some' => 'some',
);
            $this->rewriteRules = array (
  '^regex$' => 'index.php?some=var',
);

            $rewrite0 = new \ToyWpRouting\Dumper\OptimizedRewrite(array (
  0 => 'POST',
), '^regex$', 'index.php?some=var', array (
  'some' => 'some',
), static function () {
        }, NULL);
$this->rewritesByRegexAndMethod = array (
  '^regex$' => 
  array (
    'POST' => $rewrite0,
  ),
);
        }

        public function getRewrites(): array
        {
            throw new LogicException('Rewrites list not accessible on cache rewrite collection');
        }
    };
};
